Resolved 44 packages in 1ms
Audited 42 packages in 1.15s
Traceback (most recent call last):
  File "/cluster/work/danielnh/cancer-detection-VI/train.py", line 208, in <module>
    main()
  File "/cluster/work/danielnh/cancer-detection-VI/train.py", line 182, in main
    train_loss = train_epoch(model, train_loader, criterion, optimizer, device)
                 ^^^^^^^^^^^^^^^^^^^^^^^^^^^^^^^^^^^^^^^^^^^^^^^^^^^^^^^^^^^^^^
  File "/cluster/work/danielnh/cancer-detection-VI/train.py", line 87, in train_epoch
    preds = model(images)
            ^^^^^^^^^^^^^
  File "/cluster/work/danielnh/cancer-detection-VI/.venv/lib/python3.12/site-packages/torch/nn/modules/module.py", line 1775, in _wrapped_call_impl
    return self._call_impl(*args, **kwargs)
           ^^^^^^^^^^^^^^^^^^^^^^^^^^^^^^^^
  File "/cluster/work/danielnh/cancer-detection-VI/.venv/lib/python3.12/site-packages/torch/nn/modules/module.py", line 1786, in _call_impl
    return forward_call(*args, **kwargs)
           ^^^^^^^^^^^^^^^^^^^^^^^^^^^^^
  File "/cluster/work/danielnh/cancer-detection-VI/train.py", line 70, in forward
    return self.backbone(x)
           ^^^^^^^^^^^^^^^^
  File "/cluster/work/danielnh/cancer-detection-VI/.venv/lib/python3.12/site-packages/torch/nn/modules/module.py", line 1775, in _wrapped_call_impl
    return self._call_impl(*args, **kwargs)
           ^^^^^^^^^^^^^^^^^^^^^^^^^^^^^^^^
  File "/cluster/work/danielnh/cancer-detection-VI/.venv/lib/python3.12/site-packages/torch/nn/modules/module.py", line 1786, in _call_impl
    return forward_call(*args, **kwargs)
           ^^^^^^^^^^^^^^^^^^^^^^^^^^^^^
  File "/cluster/work/danielnh/cancer-detection-VI/.venv/lib/python3.12/site-packages/monai/networks/nets/resnet.py", line 354, in forward
    x = self.layer2(x)
        ^^^^^^^^^^^^^^
  File "/cluster/work/danielnh/cancer-detection-VI/.venv/lib/python3.12/site-packages/torch/nn/modules/module.py", line 1775, in _wrapped_call_impl
    return self._call_impl(*args, **kwargs)
           ^^^^^^^^^^^^^^^^^^^^^^^^^^^^^^^^
  File "/cluster/work/danielnh/cancer-detection-VI/.venv/lib/python3.12/site-packages/torch/nn/modules/module.py", line 1786, in _call_impl
    return forward_call(*args, **kwargs)
           ^^^^^^^^^^^^^^^^^^^^^^^^^^^^^
  File "/cluster/work/danielnh/cancer-detection-VI/.venv/lib/python3.12/site-packages/torch/nn/modules/container.py", line 250, in forward
    input = module(input)
            ^^^^^^^^^^^^^
  File "/cluster/work/danielnh/cancer-detection-VI/.venv/lib/python3.12/site-packages/torch/nn/modules/module.py", line 1775, in _wrapped_call_impl
    return self._call_impl(*args, **kwargs)
           ^^^^^^^^^^^^^^^^^^^^^^^^^^^^^^^^
  File "/cluster/work/danielnh/cancer-detection-VI/.venv/lib/python3.12/site-packages/torch/nn/modules/module.py", line 1786, in _call_impl
    return forward_call(*args, **kwargs)
           ^^^^^^^^^^^^^^^^^^^^^^^^^^^^^
  File "/cluster/work/danielnh/cancer-detection-VI/.venv/lib/python3.12/site-packages/monai/networks/nets/resnet.py", line 171, in forward
    out = self.conv2(out)
          ^^^^^^^^^^^^^^^
  File "/cluster/work/danielnh/cancer-detection-VI/.venv/lib/python3.12/site-packages/torch/nn/modules/module.py", line 1775, in _wrapped_call_impl
    return self._call_impl(*args, **kwargs)
           ^^^^^^^^^^^^^^^^^^^^^^^^^^^^^^^^
  File "/cluster/work/danielnh/cancer-detection-VI/.venv/lib/python3.12/site-packages/torch/nn/modules/module.py", line 1786, in _call_impl
    return forward_call(*args, **kwargs)
           ^^^^^^^^^^^^^^^^^^^^^^^^^^^^^
  File "/cluster/work/danielnh/cancer-detection-VI/.venv/lib/python3.12/site-packages/torch/nn/modules/conv.py", line 717, in forward
    return self._conv_forward(input, self.weight, self.bias)
           ^^^^^^^^^^^^^^^^^^^^^^^^^^^^^^^^^^^^^^^^^^^^^^^^^
  File "/cluster/work/danielnh/cancer-detection-VI/.venv/lib/python3.12/site-packages/torch/nn/modules/conv.py", line 712, in _conv_forward
    return F.conv3d(
           ^^^^^^^^^
  File "/cluster/work/danielnh/cancer-detection-VI/.venv/lib/python3.12/site-packages/monai/data/meta_tensor.py", line 283, in __torch_function__
    ret = super().__torch_function__(func, types, args, kwargs)
          ^^^^^^^^^^^^^^^^^^^^^^^^^^^^^^^^^^^^^^^^^^^^^^^^^^^^^
  File "/cluster/work/danielnh/cancer-detection-VI/.venv/lib/python3.12/site-packages/torch/_tensor.py", line 1654, in __torch_function__
    ret = func(*args, **kwargs)
          ^^^^^^^^^^^^^^^^^^^^^
torch.OutOfMemoryError: CUDA out of memory. Tried to allocate 128.00 MiB. GPU 0 has a total capacity of 39.49 GiB of which 126.50 MiB is free. Including non-PyTorch memory, this process has 39.36 GiB memory in use. Of the allocated memory 38.75 GiB is allocated by PyTorch, and 126.23 MiB is reserved by PyTorch but unallocated. If reserved but unallocated memory is large try setting PYTORCH_CUDA_ALLOC_CONF=expandable_segments:True to avoid fragmentation.  See documentation for Memory Management  (https://pytorch.org/docs/stable/notes/cuda.html#environment-variables)
