Using CPython 3.12.12
Creating virtual environment at: .venv
Resolved 44 packages in 419ms
Downloading networkx (2.0MiB)
Downloading torch (858.1MiB)
Downloading simpleitk (50.2MiB)
Downloading numpy (15.8MiB)
Downloading monai (2.6MiB)
Downloading triton (162.6MiB)
Downloading torchvision (7.7MiB)
 Downloading networkx
 Downloading torchvision
 Downloading numpy
 Downloading simpleitk
 Downloading monai
 Downloading triton
 Downloading torch
Prepared 7 packages in 53.16s
Installed 42 packages in 13.41s
 + filelock==3.20.0
 + fsspec==2025.10.0
 + jinja2==3.1.6
 + joblib==1.5.2
 + markupsafe==3.0.3
 + monai==1.5.1
 + mpmath==1.3.0
 + networkx==3.6
 + numpy==2.3.5
 + nvidia-cublas-cu12==12.8.4.1
 + nvidia-cuda-cupti-cu12==12.8.90
 + nvidia-cuda-nvrtc-cu12==12.8.93
 + nvidia-cuda-runtime-cu12==12.8.90
 + nvidia-cudnn-cu12==9.10.2.21
 + nvidia-cufft-cu12==11.3.3.83
 + nvidia-cufile-cu12==1.13.1.3
 + nvidia-curand-cu12==10.3.9.90
 + nvidia-cusolver-cu12==11.7.3.90
 + nvidia-cusparse-cu12==12.5.8.93
 + nvidia-cusparselt-cu12==0.7.1
 + nvidia-nccl-cu12==2.27.5
 + nvidia-nvjitlink-cu12==12.8.93
 + nvidia-nvshmem-cu12==3.3.20
 + nvidia-nvtx-cu12==12.8.90
 + pandas==2.3.3
 + pillow==12.0.0
 + python-dateutil==2.9.0.post0
 + pytz==2025.2
 + pyyaml==6.0.3
 + scikit-learn==1.7.2
 + scipy==1.16.3
 + setuptools==80.9.0
 + simpleitk==2.5.3
 + six==1.17.0
 + sympy==1.14.0
 + threadpoolctl==3.6.0
 + torch==2.9.1
 + torchvision==0.24.1
 + tqdm==4.67.1
 + triton==3.5.1
 + typing-extensions==4.15.0
 + tzdata==2025.2
Traceback (most recent call last):
  File "<stdin>", line 1, in <module>
ModuleNotFoundError: No module named 'torch'
/cluster/work/danielnh/cancer-detection-VI/.venv/lib/python3.12/site-packages/torch/utils/data/dataloader.py:627: UserWarning: This DataLoader will create 4 worker processes in total. Our suggested max number of worker in current system is 1, which is smaller than what this DataLoader is going to create. Please be aware that excessive worker creation might get DataLoader running slow or even freeze, lower the worker number to avoid potential slowness/freeze if necessary.
  warnings.warn(
train:   0%|          | 0/167 [00:00<?, ?it/s]                                              Traceback (most recent call last):
  File "/cluster/work/danielnh/cancer-detection-VI/train.py", line 202, in <module>
    main()
  File "/cluster/work/danielnh/cancer-detection-VI/train.py", line 177, in main
    train_loss = train_epoch(model, train_loader, criterion, optimizer, device)
                 ^^^^^^^^^^^^^^^^^^^^^^^^^^^^^^^^^^^^^^^^^^^^^^^^^^^^^^^^^^^^^^
  File "/cluster/work/danielnh/cancer-detection-VI/train.py", line 85, in train_epoch
    loss = criterion(preds, labels)
           ^^^^^^^^^^^^^^^^^^^^^^^^
  File "/cluster/work/danielnh/cancer-detection-VI/.venv/lib/python3.12/site-packages/torch/nn/modules/module.py", line 1775, in _wrapped_call_impl
    return self._call_impl(*args, **kwargs)
           ^^^^^^^^^^^^^^^^^^^^^^^^^^^^^^^^
  File "/cluster/work/danielnh/cancer-detection-VI/.venv/lib/python3.12/site-packages/torch/nn/modules/module.py", line 1786, in _call_impl
    return forward_call(*args, **kwargs)
           ^^^^^^^^^^^^^^^^^^^^^^^^^^^^^
  File "/cluster/work/danielnh/cancer-detection-VI/.venv/lib/python3.12/site-packages/torch/nn/modules/loss.py", line 1385, in forward
    return F.cross_entropy(
           ^^^^^^^^^^^^^^^^
  File "/cluster/work/danielnh/cancer-detection-VI/.venv/lib/python3.12/site-packages/torch/nn/functional.py", line 3444, in cross_entropy
    return handle_torch_function(
           ^^^^^^^^^^^^^^^^^^^^^^
  File "/cluster/work/danielnh/cancer-detection-VI/.venv/lib/python3.12/site-packages/torch/overrides.py", line 1750, in handle_torch_function
    result = torch_func_method(public_api, types, args, kwargs)
             ^^^^^^^^^^^^^^^^^^^^^^^^^^^^^^^^^^^^^^^^^^^^^^^^^^
  File "/cluster/work/danielnh/cancer-detection-VI/.venv/lib/python3.12/site-packages/monai/data/meta_tensor.py", line 283, in __torch_function__
    ret = super().__torch_function__(func, types, args, kwargs)
          ^^^^^^^^^^^^^^^^^^^^^^^^^^^^^^^^^^^^^^^^^^^^^^^^^^^^^
  File "/cluster/work/danielnh/cancer-detection-VI/.venv/lib/python3.12/site-packages/torch/_tensor.py", line 1654, in __torch_function__
    ret = func(*args, **kwargs)
          ^^^^^^^^^^^^^^^^^^^^^
  File "/cluster/work/danielnh/cancer-detection-VI/.venv/lib/python3.12/site-packages/torch/nn/functional.py", line 3458, in cross_entropy
    return torch._C._nn.cross_entropy_loss(
           ^^^^^^^^^^^^^^^^^^^^^^^^^^^^^^^^
NotImplementedError: "nll_loss_forward_reduce_cuda_kernel_2d_index" not implemented for 'Char'
